// Jest Snapshot v1, https://goo.gl/fbAQLP

exports[`AppointmentList component renders correctly 1`] = `
<div
  className="flex flex-col items-center w-11/12 max-w-lg gap-5 mx-auto md:my-10"
>
  <h1
    className="my-5 text-2xl font-bold md:my-10"
  >
    Your Appointments
  </h1>
</div>
`;
