// Jest Snapshot v1, https://goo.gl/fbAQLP

exports[`AppointmentUpdate component renders correctly 1`] = `
<div
  className="flex flex-col items-center justify-center w-full min-h-screen p-4 space-y-4 bg-gray-100 appointment-booking-container"
>
  <div
    className="bg-white md:px-24 md:py-6 md:rounded-2xl md:border-2 md:border-green-400"
  >
    <h1
      className="my-5 text-2xl font-bold text-center md:mt-10"
    >
      This appointment does not exist.
    </h1>
  </div>
</div>
`;
